listing 1
// An AWT-based Applet skeleton. 
import java.awt.*; 
import java.applet.*; 
/* 
<applet code="AppletSkel" width=300 height=100> 
</applet> 
*/ 
 
public class AppletSkel extends Applet { 
  // Called first. 
  public void init() { 
    // initialization 
  } 
 
  /* Called second, after init().  Also called whenever 
     the applet is restarted. */ 
  public void start() { 
    // start or resume execution 
  } 
 
  // Called when the applet is stopped. 
  public void stop() { 
    // suspends execution 
  } 
 
  /* Called when applet is terminated.  This is the last 
     method executed. */ 
  public void destroy() { 
    // perform shutdown activities 
  } 
 
  // Called when an applet's window must be restored. 
  public void paint(Graphics g) { 
    // redisplay contents of window
    g.drawString("An AWT-based Applet Skeleton.", 20, 20); 
  } 
}

listing 2
// A simple Swing-based applet  
  
import javax.swing.*;  
import java.awt.*;  
import java.awt.event.*;  
  
/*  
<applet code="MySwingApplet" width=220 height=90>  
</applet>  
*/  
  
public class MySwingApplet extends JApplet {  
  JButton jbtnAlpha;  
  JButton jbtnBeta;  
  
  JLabel jlab;  
  
  // Initialize the applet.  
  public void init() {  
    try {  
      SwingUtilities.invokeAndWait(new Runnable () {  
        public void run() {  
          makeGUI(); // initialize the GUI  
        }  
      });  
    } catch(Exception exc) {  
      System.out.println("Can't create because of "+ exc);  
    }  
  }  
  
  // This applet does not need to override start(), stop(),  
  // or destroy().   
  
  // Setup and initialize the GUI.   
  private void makeGUI() {  
    // Set the applet to use flow layout.  
    setLayout(new FlowLayout());  
  
    // Make two buttons.  
    jbtnAlpha = new JButton("Alpha");  
    jbtnBeta = new JButton("Beta");  
  
    // Add action listener for Alpha.  
    jbtnAlpha.addActionListener(new ActionListener() {       
      public void actionPerformed(ActionEvent le) {   
        jlab.setText("Alpha was pressed.");   
      }  
    });  
  
    // Add action listener for Beta.  
    jbtnBeta.addActionListener(new ActionListener() {       
      public void actionPerformed(ActionEvent le) {   
        jlab.setText("Beta was pressed.");   
      }       
    });       
  
    // Add the buttons to the content pane.  
    add(jbtnAlpha);  
    add(jbtnBeta);  
  
    // Create a text-based label.  
    jlab = new JLabel("Press a button.");  
  
    // Add the label to the content pane.  
    add(jlab);      
  }  
}

